// Jest Snapshot v1, https://goo.gl/fbAQLP

exports[`App Component matches snapshot 1`] = `
<div>
  <div
    class="App"
  >
    <header
      class="App-header"
      role="banner"
    >
      <h1>
        Recipe App
      </h1>
      <p>
        Welcome to your recipe collection!
      </p>
    </header>
    <main />
  </div>
</div>
`;